xrun(64): 18.09-s011: (c) Copyright 1995-2019 Cadence Design Systems, Inc.
TOOL:	xrun(64)	18.09-s011: Started on Dec 02, 2025 at 18:33:07 CST
xrun
	-64bit
	-gui
	-access r
	Q5.v
	Q5_tb.v

-------------------------------------
Relinquished control to SimVision...
xcelium> 
xcelium> source /vol/cadence2018/XCELIUM1809/tools/xcelium/files/xmsimrc
xcelium> database -open waves -into waves.shm -default
Created default SHM database waves
xcelium> probe -create -shm tb_counters.CLK tb_counters.CLR tb_counters.S1 tb_counters.S2
Created probe 1
xcelium> run
Simulation complete via $finish(1) at time 312 NS + 0
./Q5_tb.v:12         #300 $finish;
xcelium> 