Cadence Genus(TM) Synthesis Solution.
Copyright 2018 Cadence Design Systems, Inc. All rights reserved worldwide.
Cadence and the Cadence logo are registered trademarks and Genus is a trademark
of Cadence Design Systems, Inc. in the United States and other countries.

Version: 18.14-s037_1, built Wed Mar 27 10:19:21 PDT 2019
Options: 
Date:    Tue Nov 18 20:47:59 2025
Host:    ras.ece.northwestern.edu (x86_64 w/Linux 4.18.0-553.84.1.el8_10.x86_64) (8cores*8cpus*1physical cpu*Intel(R) Core(TM) i7-9700 CPU @ 3.00GHz 12288KB) (32477796KB)
OS:      Red Hat Enterprise Linux release 8.10 (Ootpa)

Checking out license: Genus_Synthesis

Loading tool scripts...

Finished loading tool scripts (5 seconds elapsed).

WARNING: This version of the tool is 2428 days old.
@genus:root: 1> read_hdl ../Q1.v
@genus:root: 2> set_db library /vol/ece303/genus_tutorial/NangateOpenCellLibrary_typical.lib set_db lef_library /vol/ece303/genus_tutorial/NangateOpenCellLibrary.lef
Error   : A command argument did not match any of the acceptable command options. [TUI-64] [set_db]
        : The argument in question is 'lef_library'.
        : Check the command usage and correct the input to the command.
  set_db: set attributes on objects 

Usage: set_db [-quiet] [-verbose] [-dbu] [-index <string>] <string> <string> [<string>]

    [-quiet]:
        keeps quiet unless there are problems 
    [-verbose]:
        enables verbose 
    [-dbu]:
        indicates that attribute (coord, pt, rect, polygon, area, etc.) will be in database units 
    [-index <string>]:
        list of indices in a form of pairs of index_name value or a object name 
    <string>:
        <start> can be any object list (or collection) or <shorthand> (e.g., nets, insts, etc) 
    <string>:
        the <chain> is in the form [.<attribute_name1>[.<attribute_name2>]...] 
    [<string>]:
        the attribute value 
1
@genus:root: 3> elaborate
Error   : Failed to execute command. [LBR-163] [elaborate]
        : No target technology library was loaded.
        : Specify libraries using read_libs or read_mmmc.
1
@genus:root: 4> current_design Q1
Error   : A required object parameter could not be found. [TUI-61] [parse_options]
        : An object of type 'design' named 'Q1' could not be found.
        : Check to make sure that the object exists and is of the correct type.  The 'what_is' command can be used to determine the type of an object.

Usage: current_design [<design>]

    [<design>]:
        the design 
@genus:root: 5> q
Normal exit.