============================================================
  Generated by:           Genus(TM) Synthesis Solution 18.14-s037_1
  Generated on:           Nov 18 2025  08:52:26 pm
  Module:                 mac
  Operating conditions:   typical 
  Interconnect mode:      global
  Area mode:              physical library
============================================================


Path 1: MET (43 ps) Setup Check with Pin mult_reg_reg[6]/CK->D
          Group: clk
     Startpoint: (R) W[1]
          Clock: (R) clk
       Endpoint: (R) mult_reg_reg[6]/D
          Clock: (R) clk

                     Capture       Launch     
        Clock Edge:+    1000            0     
        Drv Adjust:+       0            0     
       Src Latency:+       0            0     
       Net Latency:+       0 (I)        0 (I) 
           Arrival:=    1000            0     
                                              
             Setup:-      35                  
     Required Time:=     965                  
      Launch Clock:-       0                  
       Input Delay:-     500                  
         Data Path:-     422                  
             Slack:=      43                  

Exceptions/Constraints:
  input_delay             500             Q1_sdc.sdc_line_3_6_1 

#-------------------------------------------------------------------------------------------
#   Timing Point    Flags    Arc   Edge   Cell     Fanout Load Trans Delay Arrival Instance 
#                                                         (fF)  (ps)  (ps)   (ps)  Location 
#-------------------------------------------------------------------------------------------
  W[1]              -       -      R     (arrival)      4  5.4     0     0     500    (-,-) 
  g2324__7344/ZN    -       A2->ZN R     AND2_X1        1  3.5    12    33     533    (-,-) 
  g2310__1474/S     -       A->S   R     HA_X1          1  3.1    28    55     588    (-,-) 
  g2297__6083/S     -       CI->S  F     FA_X1          1  3.0    16    99     687    (-,-) 
  g2280__2391/CO    -       CI->CO F     FA_X1          1  3.0    15    73     760    (-,-) 
  g2278__1309/CO    -       CI->CO F     FA_X1          2  4.1    17    75     835    (-,-) 
  g2274__2683/ZN    -       B1->ZN R     OAI21_X1       2  4.4    31    44     878    (-,-) 
  g2268__3772/ZN    -       A->ZN  R     XNOR2_X1       1  1.4    17    43     922    (-,-) 
  mult_reg_reg[6]/D <<<     -      R     DFFR_X1        1    -     -     0     922    (-,-) 
#-------------------------------------------------------------------------------------------

